// Jest Snapshot v1, https://goo.gl/fbAQLP

exports[`Should render TargetCurrency correctly 1`] = `
<TargetCurrency
  baseCurrency="USD"
  handleDeleteTargetCurrency={[MockFunction]}
  initialValue={10}
  rates={
    Object {
      "IDR": 14491,
    }
  }
  targetCurrencyList={
    Array [
      "IDR",
    ]
  }
>
  <div
    className="container card target-currency-card"
    key="0"
  >
    <div
      className="row"
    >
      <div
        className="col-xs-9 col-sm-10 col-md-11 col-lg-11 target-currency-container"
      >
        <p
          className="currency-code"
        >
          IDR
        </p>
        <p
          className="currency-value"
        >
          144,910
        </p>
        <div
          className="clear-both"
        />
        <p
          className="currency-tag"
        >
          IDR
           - 
          Indonesian Rupiah
        </p>
        <p
          className="currency-equality"
        >
          1 
          USD
           = 
          IDR
           
          14,491
        </p>
      </div>
      <div
        className="col-xs-3 col-sm-2 col-md-1 col-lg-1 target-currency-btn-container"
        onClick={[Function]}
      >
        (-)
      </div>
    </div>
  </div>
</TargetCurrency>
`;
